[2026/05/03 00:55:46 INFO]:           __             _       
[2026/05/03 00:55:46 INFO]:   _ __   / /  ___   __ _(_)_ __  
[2026/05/03 00:55:46 INFO]:  | '_ \ / /  / _ \ / _` | | '_ \ 
[2026/05/03 00:55:46 INFO]:  | | | / /__| (_) | (_| | | | | |
[2026/05/03 00:55:46 INFO]:  |_| |_\____/\___/ \__, |_|_| |_|
[2026/05/03 00:55:46 INFO]:                   |___/            
[2026/05/03 00:55:46 INFO]:  By: www.nickuc.com - V 2.0.16
[2026/05/03 00:55:46 INFO]:  
[2026/05/03 00:55:47 DEBUG]: Loading the messages_es.yml message file...
[2026/05/03 00:55:47 DEBUG]: Messages were loaded in 121 ms (single file).
[2026/05/03 00:55:47 WARN]: The "unsupported-settings.perform-username-validation" option is enabled in config/paper-global.yml
[2026/05/03 00:55:47 WARN]: The username-appender feature may fail with an invalid nickname kick message.
[2026/05/03 00:55:47 DEBUG]: Settings were loaded in 222 ms.
[2026/05/03 00:55:47 DEBUG]: Loading database...
[2026/05/03 00:55:47 DEBUG]: Starting logger filter...
[2026/05/03 01:02:33 DEBUG]: [SQLite] [UPDATE]: "UPDATE `nlogin` SET `last_name` = 'Akukis', `unique_id` = 5134f704e126305bb6d649fcca5a845e,  `mojang_id` = null,  `bedrock_id` = null,  `password` = '$argon2id$v=19$m=32768,t=5,p=1$FVkKhHlP9hWJutI4dzkGsw$Livt+xbGuqnAPN+4QMsK0L4ZOPpS5e6vLfQqvafpQ7I', `last_ip` = '127.119.142.41', `creation_date` = 2026-04-22 01:32:30.845, `last_seen` = 2026-05-03 01:02:33.187, `email` = null, `discord` = null, `settings` = '{"settings":[{"value":"es","key":"language"}],"version":0}' WHERE `ai` = 3" (applied to [last_ip, last_seen, settings] columns)
[2026/05/03 01:02:33 INFO]: The user Akukis has successfully logged in.
[2026/05/03 01:05:21 DEBUG]: [SQLite] [UPDATE]: "UPDATE `nlogin` SET `last_name` = 'emi4553', `unique_id` = cd1c085284fc30328ac6d3140c8232a7,  `mojang_id` = null,  `bedrock_id` = null,  `password` = '$argon2id$v=19$m=32768,t=5,p=1$EfgUo84vBYqr2WSjMvXBcw$AF6r8G98UhBOXrFjmlkilrQls0HdnkZ50D37Fr4kSN4', `last_ip` = '127.171.175.223', `creation_date` = 2026-04-25 18:20:29.701, `last_seen` = 2026-05-03 01:05:21.218, `email` = null, `discord` = null, `settings` = '{"settings":[{"value":"es","key":"language"}],"version":0}' WHERE `ai` = 61" (applied to [last_ip, last_seen, settings] columns)
[2026/05/03 01:05:21 INFO]: The user emi4553 has successfully logged in.
[2026/05/03 01:16:19 DEBUG]: [SQLite] [UPDATE]: "UPDATE `nlogin` SET `last_name` = 'LITTLE_GHOTS', `unique_id` = b32bcf28e27e33e79c0edc1a5e5b58be,  `mojang_id` = null,  `bedrock_id` = null,  `password` = '$argon2id$v=19$m=32768,t=5,p=1$R9xjPhZyc8r0unhnsO6Dqw$65qJeoa1qP4vyymgieUBDa/93C8jHJ9zH6bvWQc3dUI', `last_ip` = '127.228.37.240', `creation_date` = 2026-05-02 00:47:58.559, `last_seen` = 2026-05-03 01:16:19.066, `email` = null, `discord` = null, `settings` = '{"settings":[{"value":"es","key":"language"}],"version":0}' WHERE `ai` = 74" (applied to [last_ip, last_seen, settings] columns)
[2026/05/03 01:16:19 INFO]: The user LITTLE_GHOTS has successfully logged in.
[2026/05/03 01:17:37 DEBUG]: [SQLite] [UPDATE]: "UPDATE `nlogin` SET `last_name` = 'LITTLE_GHOTS', `unique_id` = b32bcf28e27e33e79c0edc1a5e5b58be,  `mojang_id` = null,  `bedrock_id` = null,  `password` = '$argon2id$v=19$m=32768,t=5,p=1$R9xjPhZyc8r0unhnsO6Dqw$65qJeoa1qP4vyymgieUBDa/93C8jHJ9zH6bvWQc3dUI', `last_ip` = '127.228.37.240', `creation_date` = 2026-05-02 00:47:58.559, `last_seen` = 2026-05-03 01:17:37.403, `email` = null, `discord` = null, `settings` = '{"settings":[{"value":"es","key":"language"}],"version":0}' WHERE `ai` = 74" (applied to [last_seen, settings] columns)
[2026/05/03 02:13:03 INFO]: Successful plugin core shutdown (took 0.00s)
