[2026/04/22 01:28:58 INFO]:           __             _       
[2026/04/22 01:28:58 INFO]:   _ __   / /  ___   __ _(_)_ __  
[2026/04/22 01:28:58 INFO]:  | '_ \ / /  / _ \ / _` | | '_ \ 
[2026/04/22 01:28:58 INFO]:  | | | / /__| (_) | (_| | | | | |
[2026/04/22 01:28:58 INFO]:  |_| |_\____/\___/ \__, |_|_| |_|
[2026/04/22 01:28:58 INFO]:                   |___/            
[2026/04/22 01:28:58 INFO]:  By: www.nickuc.com - V 2.0.16
[2026/04/22 01:28:58 INFO]:  
[2026/04/22 01:28:58 DEBUG]: The config.yml file was created successfully.
[2026/04/22 01:28:58 DEBUG]: Loading the messages_en.yml message file...
[2026/04/22 01:28:58 DEBUG]: Messages were loaded in 83 ms (single file).
[2026/04/22 01:28:58 WARN]: The "unsupported-settings.perform-username-validation" option is enabled in config/paper-global.yml
[2026/04/22 01:28:58 WARN]: The username-appender feature may fail with an invalid nickname kick message.
[2026/04/22 01:28:58 DEBUG]: Settings were loaded in 195 ms.
[2026/04/22 01:28:58 DEBUG]: Loading database...
[2026/04/22 01:28:58 INFO]: Generating RSA keypair... (this may take a while)
[2026/04/22 01:29:00 INFO]: The RSA key pair was successfully generated. Took 1.84s
[2026/04/22 01:29:00 DEBUG]: Starting logger filter...
[2026/04/22 01:29:00 INFO]: Starting the OpeNLogin conversion...
[2026/04/22 01:29:00 WARN]: Initializing the OpeNLogin conversion
[2026/04/22 01:29:00 WARN]: Please do not shut down your server.
[2026/04/22 01:29:00 INFO]: OpeNLogin data has been successfully converted.
[2026/04/22 01:29:00 INFO]: No users have been converted ~ 0.03s
[2026/04/22 01:29:13 DEBUG]: Loading the messages_es.yml message file...
[2026/04/22 01:29:14 INFO]: 
[2026/04/22 01:29:14 INFO]:  Thank you so much for choosing nLogin! :)
[2026/04/22 01:29:14 INFO]: 
[2026/04/22 01:29:14 INFO]:  For your safety, please read the message below:
[2026/04/22 01:29:14 INFO]:   Never download nLogin from unknown sources.
[2026/04/22 01:29:14 INFO]:   A modified version may contain malicious software.
[2026/04/22 01:29:14 INFO]: 
[2026/04/22 01:29:14 INFO]:  Trusted sources:
[2026/04/22 01:29:14 INFO]:   Website: nickuc.com
[2026/04/22 01:29:14 INFO]:   GitHub: github.com/nickuc-com
[2026/04/22 01:29:14 INFO]:   OpeNLogin installer (from Spigot or GitHub)
[2026/04/22 01:29:14 INFO]: 
[2026/04/22 01:29:14 INFO]:  Official support:
[2026/04/22 01:29:14 INFO]:   Documentation: docs.nickuc.com/nlogin/
[2026/04/22 01:29:14 INFO]:   Discord: nickuc.com/discord
[2026/04/22 01:29:14 INFO]:   Email: support@nickuc.com
[2026/04/22 01:29:14 INFO]: 
[2026/04/22 01:29:49 DEBUG]: The config.yml file was created successfully.
[2026/04/22 01:29:49 DEBUG]: Loading the messages_es.yml message file...
[2026/04/22 01:29:49 DEBUG]: Messages were loaded in 15 ms (single file).
[2026/04/22 01:29:49 WARN]: The "unsupported-settings.perform-username-validation" option is enabled in config/paper-global.yml
[2026/04/22 01:29:49 WARN]: The username-appender feature may fail with an invalid nickname kick message.
[2026/04/22 01:29:49 DEBUG]: Settings were loaded in 29 ms.
[2026/04/22 01:30:20 DEBUG]: Loading the messages_es.yml message file...
[2026/04/22 01:30:20 DEBUG]: Messages were loaded in 12 ms (single file).
[2026/04/22 01:30:20 WARN]: The "unsupported-settings.perform-username-validation" option is enabled in config/paper-global.yml
[2026/04/22 01:30:20 WARN]: The username-appender feature may fail with an invalid nickname kick message.
[2026/04/22 01:30:20 DEBUG]: Settings were loaded in 25 ms.
[2026/04/22 01:30:37 DEBUG]: [SQLite] [UPDATE]: "INSERT INTO `nlogin` (`last_name`, `unique_id`, `mojang_id`, `bedrock_id`, `password`, `last_ip`, `creation_date`, `last_seen`, `email`, `discord`, `settings`) VALUES ('ADOLFHITLER', e0e0a8575ddb3469ab6fc506b7c27742, null, null, '$argon2id$v=19$m=32768,t=5,p=1$L2oDgTax3uJGsmGOG21P7Q$/UQkWEq3gYIdmc1k1Dg3sWxvBGeSdGr+PGYfKJimJc4', '127.32.140.222', '2026-04-22 01:30:37.335', '2026-04-22 01:30:37.335', null, null, '{"settings":[{"value":true,"key":"force-invalid-session"}],"version":0}')" (applied to all columns)
[2026/04/22 01:30:37 INFO]: The user ADOLFHITLER has successfully registered.
[2026/04/22 01:31:42 DEBUG]: [SQLite] [UPDATE]: "INSERT INTO `nlogin` (`last_name`, `unique_id`, `mojang_id`, `bedrock_id`, `password`, `last_ip`, `creation_date`, `last_seen`, `email`, `discord`, `settings`) VALUES ('Bryan3122', ea64bdfbd2d8303e961bff74f11a486d, null, null, '$argon2id$v=19$m=32768,t=5,p=1$GnqUC46f59d8EwICefrzgg$BchVEUKDo4K4bPIgprT5l5VOZWyR+5uE4s0xaPnmz8g', '127.57.28.220', '2026-04-22 01:31:42.688', '2026-04-22 01:31:42.688', null, null, '{"settings":[{"value":true,"key":"force-invalid-session"}],"version":0}')" (applied to all columns)
[2026/04/22 01:31:42 INFO]: The user Bryan3122 has successfully registered.
[2026/04/22 01:32:17 DEBUG]: [SQLite] [UPDATE]: "UPDATE `nlogin` SET `last_name` = 'Bryan3122', `unique_id` = ea64bdfbd2d8303e961bff74f11a486d,  `mojang_id` = null,  `bedrock_id` = null,  `password` = '$argon2id$v=19$m=32768,t=5,p=1$GnqUC46f59d8EwICefrzgg$BchVEUKDo4K4bPIgprT5l5VOZWyR+5uE4s0xaPnmz8g', `last_ip` = '127.57.28.220', `creation_date` = 2026-04-22 01:31:42.688, `last_seen` = 2026-04-22 01:32:17.283, `email` = null, `discord` = null, `settings` = '{"settings":[{"value":true,"key":"force-invalid-session"},{"value":"es","key":"language"}],"version":0}' WHERE `ai` = 2" (applied to [last_seen, settings] columns)
[2026/04/22 01:32:25 DEBUG]: [SQLite] [UPDATE]: "UPDATE `nlogin` SET `last_name` = 'Bryan3122', `unique_id` = ea64bdfbd2d8303e961bff74f11a486d,  `mojang_id` = null,  `bedrock_id` = null,  `password` = '$argon2id$v=19$m=32768,t=5,p=1$GnqUC46f59d8EwICefrzgg$BchVEUKDo4K4bPIgprT5l5VOZWyR+5uE4s0xaPnmz8g', `last_ip` = '127.57.28.220', `creation_date` = 2026-04-22 01:31:42.688, `last_seen` = 2026-04-22 01:32:25.972, `email` = null, `discord` = null, `settings` = '{"settings":[{"value":"es","key":"language"}],"version":0}' WHERE `ai` = 2" (applied to [last_ip, last_seen, settings] columns)
[2026/04/22 01:32:26 INFO]: The user Bryan3122 has successfully logged in.
[2026/04/22 01:32:30 DEBUG]: [SQLite] [UPDATE]: "INSERT INTO `nlogin` (`last_name`, `unique_id`, `mojang_id`, `bedrock_id`, `password`, `last_ip`, `creation_date`, `last_seen`, `email`, `discord`, `settings`) VALUES ('Akukis', 5134f704e126305bb6d649fcca5a845e, null, null, '$argon2id$v=19$m=32768,t=5,p=1$FVkKhHlP9hWJutI4dzkGsw$Livt+xbGuqnAPN+4QMsK0L4ZOPpS5e6vLfQqvafpQ7I', '127.168.244.180', '2026-04-22 01:32:30.845', '2026-04-22 01:32:30.845', null, null, '{"settings":[{"value":true,"key":"force-invalid-session"}],"version":0}')" (applied to all columns)
[2026/04/22 01:32:30 INFO]: The user Akukis has successfully registered.
[2026/04/22 01:32:35 DEBUG]: [SQLite] [UPDATE]: "UPDATE `nlogin` SET `last_name` = 'Akukis', `unique_id` = 5134f704e126305bb6d649fcca5a845e,  `mojang_id` = null,  `bedrock_id` = null,  `password` = '$argon2id$v=19$m=32768,t=5,p=1$FVkKhHlP9hWJutI4dzkGsw$Livt+xbGuqnAPN+4QMsK0L4ZOPpS5e6vLfQqvafpQ7I', `last_ip` = '127.168.244.180', `creation_date` = 2026-04-22 01:32:30.845, `last_seen` = 2026-04-22 01:32:35.659, `email` = null, `discord` = null, `settings` = '{"settings":[{"value":true,"key":"force-invalid-session"},{"value":"es","key":"language"}],"version":0}' WHERE `ai` = 3" (applied to [last_seen, settings] columns)
[2026/04/22 01:32:41 DEBUG]: [SQLite] [UPDATE]: "UPDATE `nlogin` SET `last_name` = 'ADOLFHITLER', `unique_id` = e0e0a8575ddb3469ab6fc506b7c27742,  `mojang_id` = null,  `bedrock_id` = null,  `password` = '$argon2id$v=19$m=32768,t=5,p=1$L2oDgTax3uJGsmGOG21P7Q$/UQkWEq3gYIdmc1k1Dg3sWxvBGeSdGr+PGYfKJimJc4', `last_ip` = '127.32.140.222', `creation_date` = 2026-04-22 01:30:37.335, `last_seen` = 2026-04-22 01:32:41.078, `email` = null, `discord` = null, `settings` = '{"settings":[{"value":true,"key":"force-invalid-session"},{"value":"es","key":"language"}],"version":0}' WHERE `ai` = 1" (applied to [last_seen, settings] columns)
[2026/04/22 01:32:41 DEBUG]: [SQLite] [UPDATE]: "UPDATE `nlogin` SET `last_name` = 'Bryan3122', `unique_id` = ea64bdfbd2d8303e961bff74f11a486d,  `mojang_id` = null,  `bedrock_id` = null,  `password` = '$argon2id$v=19$m=32768,t=5,p=1$GnqUC46f59d8EwICefrzgg$BchVEUKDo4K4bPIgprT5l5VOZWyR+5uE4s0xaPnmz8g', `last_ip` = '127.57.28.220', `creation_date` = 2026-04-22 01:31:42.688, `last_seen` = 2026-04-22 01:32:41.094, `email` = null, `discord` = null, `settings` = '{"settings":[{"value":"es","key":"language"}],"version":0}' WHERE `ai` = 2" (applied to [last_seen, settings] columns)
[2026/04/22 01:32:41 INFO]: Successful plugin core shutdown (took 0.00s)
