[May 01, 2026 19:00:10.829PM UTC]  EntityDamageByEntityEvent was triggered by damaged SKELETON Skeleton, damager WOLF Wolf and cancelled false.
[May 01, 2026 19:00:11.823PM UTC]  EntityDamageByEntityEvent was triggered by damaged SKELETON Skeleton, damager WOLF Wolf and cancelled false.
[May 01, 2026 19:00:12.323PM UTC]  EntityDamageByEntityEvent was triggered by damaged SKELETON Skeleton, damager WOLF Wolf and cancelled false.
[May 01, 2026 19:00:13.223PM UTC]  EntityDamageByEntityEvent was triggered by damaged SKELETON Skeleton, damager WOLF Wolf and cancelled false.
[May 01, 2026 19:00:14.223PM UTC]  EntityDamageByEntityEvent was triggered by damaged SKELETON Skeleton, damager WOLF Wolf and cancelled false.
[May 01, 2026 19:02:55.133PM UTC]  EntityDamageByEntityEvent was triggered by damaged PLAYER Cosito_, damager SMALL_FIREBALL Small Fireball and cancelled false.
[May 01, 2026 19:02:55.427PM UTC]  EntityDamageByEntityEvent was triggered by damaged PLAYER Cosito_, damager SMALL_FIREBALL Small Fireball and cancelled false.
[May 01, 2026 19:02:56.697PM UTC]  EntityDamageByEntityEvent was triggered by damaged BLAZE Blaze, damager PLAYER Cosito_ and cancelled false.
[May 01, 2026 19:02:57.832PM UTC]  EntityDamageByEntityEvent was triggered by damaged BLAZE Blaze, damager PLAYER Cosito_ and cancelled false.
[May 01, 2026 19:03:34.374PM UTC]  EntityDamageByEntityEvent was triggered by damaged PLAYER Cosito_, damager SMALL_FIREBALL Small Fireball and cancelled false.
[May 01, 2026 19:03:35.585PM UTC]  EntityDamageByEntityEvent was triggered by damaged BLAZE Blaze, damager PLAYER Cosito_ and cancelled false.
[May 01, 2026 19:03:36.582PM UTC]  EntityDamageByEntityEvent was triggered by damaged BLAZE Blaze, damager PLAYER Cosito_ and cancelled false.
[May 01, 2026 19:03:38.133PM UTC]  EntityDamageByEntityEvent was triggered by damaged BLAZE Blaze, damager PLAYER Cosito_ and cancelled false.
[May 01, 2026 19:03:43.985PM UTC]  EntityDamageByEntityEvent was triggered by damaged BLAZE Blaze, damager PLAYER Cosito_ and cancelled false.
[May 01, 2026 19:03:44.584PM UTC]  EntityDamageByEntityEvent was triggered by damaged BLAZE Blaze, damager PLAYER Cosito_ and cancelled false.
[May 01, 2026 19:04:23.433PM UTC]  EntityDamageByEntityEvent was triggered by damaged BLAZE Blaze, damager PLAYER Cosito_ and cancelled false.
[May 01, 2026 19:04:23.983PM UTC]  EntityDamageByEntityEvent was triggered by damaged BLAZE Blaze, damager PLAYER Cosito_ and cancelled false.
[May 01, 2026 19:04:24.585PM UTC]  EntityDamageByEntityEvent was triggered by damaged BLAZE Blaze, damager PLAYER Cosito_ and cancelled false.
[May 01, 2026 19:04:25.132PM UTC]  EntityDamageByEntityEvent was triggered by damaged BLAZE Blaze, damager PLAYER Cosito_ and cancelled false.
[May 01, 2026 19:05:05.887PM UTC]  EntityDamageByEntityEvent was triggered by damaged BLAZE Blaze, damager PLAYER Cosito_ and cancelled false.
[May 01, 2026 19:05:06.735PM UTC]  EntityDamageByEntityEvent was triggered by damaged BLAZE Blaze, damager PLAYER Cosito_ and cancelled false.
[May 01, 2026 19:05:08.424PM UTC]  EntityDamageByEntityEvent was triggered by damaged PLAYER Cosito_, damager SMALL_FIREBALL Small Fireball and cancelled false.
[May 01, 2026 19:05:09.527PM UTC]  EntityDamageByEntityEvent was triggered by damaged PLAYER Cosito_, damager SMALL_FIREBALL Small Fireball and cancelled false.
[May 01, 2026 19:05:10.738PM UTC]  EntityDamageByEntityEvent was triggered by damaged BLAZE Blaze, damager PLAYER Cosito_ and cancelled false.
[May 01, 2026 19:05:11.494PM UTC]  EntityDamageByEntityEvent was triggered by damaged BLAZE Blaze, damager PLAYER Cosito_ and cancelled false.
[May 01, 2026 19:05:12.485PM UTC]  EntityDamageByEntityEvent was triggered by damaged BLAZE Blaze, damager PLAYER Cosito_ and cancelled false.
[May 01, 2026 19:05:13.883PM UTC]  EntityDamageByEntityEvent was triggered by damaged BLAZE Blaze, damager PLAYER Cosito_ and cancelled false.
[May 01, 2026 19:05:14.484PM UTC]  EntityDamageByEntityEvent was triggered by damaged BLAZE Blaze, damager PLAYER Cosito_ and cancelled false.
[May 01, 2026 19:05:39.340PM UTC]  EntityDamageByEntityEvent was triggered by damaged BLAZE Blaze, damager PLAYER Cosito_ and cancelled false.
[May 01, 2026 19:05:39.934PM UTC]  EntityDamageByEntityEvent was triggered by damaged BLAZE Blaze, damager PLAYER Cosito_ and cancelled false.
[May 01, 2026 19:05:40.924PM UTC]  EntityDamageByEntityEvent was triggered by damaged PLAYER Cosito_, damager BLAZE Blaze and cancelled false.
[May 01, 2026 19:05:42.829PM UTC]  EntityDamageByEntityEvent was triggered by damaged PLAYER Cosito_, damager BLAZE Blaze and cancelled false.
[May 01, 2026 19:05:43.825PM UTC]  EntityDamageByEntityEvent was triggered by damaged PLAYER Cosito_, damager BLAZE Blaze and cancelled false.
[May 01, 2026 19:05:44.337PM UTC]  EntityDamageByEntityEvent was triggered by damaged BLAZE Blaze, damager PLAYER Cosito_ and cancelled false.
[May 01, 2026 19:05:44.935PM UTC]  EntityDamageByEntityEvent was triggered by damaged BLAZE Blaze, damager PLAYER Cosito_ and cancelled false.
[May 01, 2026 19:05:46.538PM UTC]  EntityDamageByEntityEvent was triggered by damaged BLAZE Blaze, damager PLAYER Cosito_ and cancelled false.
[May 01, 2026 19:05:47.137PM UTC]  EntityDamageByEntityEvent was triggered by damaged BLAZE Blaze, damager PLAYER Cosito_ and cancelled false.
[May 01, 2026 19:06:01.685PM UTC]  EntityDamageByEntityEvent was triggered by damaged BLAZE Blaze, damager PLAYER Cosito_ and cancelled false.
[May 01, 2026 19:06:02.239PM UTC]  EntityDamageByEntityEvent was triggered by damaged BLAZE Blaze, damager PLAYER Cosito_ and cancelled false.
[May 01, 2026 19:06:02.837PM UTC]  EntityDamageByEntityEvent was triggered by damaged BLAZE Blaze, damager PLAYER Cosito_ and cancelled false.
[May 01, 2026 19:06:03.436PM UTC]  EntityDamageByEntityEvent was triggered by damaged BLAZE Blaze, damager PLAYER Cosito_ and cancelled false.
[May 01, 2026 19:06:08.440PM UTC]  EntityDamageByEntityEvent was triggered by damaged BLAZE Blaze, damager PLAYER Cosito_ and cancelled false.
[May 01, 2026 19:06:09.136PM UTC]  EntityDamageByEntityEvent was triggered by damaged BLAZE Blaze, damager PLAYER Cosito_ and cancelled false.
[May 01, 2026 19:06:10.787PM UTC]  EntityDamageByEntityEvent was triggered by damaged BLAZE Blaze, damager PLAYER Cosito_ and cancelled false.
[May 01, 2026 19:19:59.275PM UTC]  EntityDamageByEntityEvent was triggered by damaged PLAYER xhikoenfasis17, damager ARROW Arrow and cancelled false.
[May 01, 2026 19:20:02.124PM UTC]  EntityDamageByEntityEvent was triggered by damaged PLAYER xhikoenfasis17, damager ARROW Arrow and cancelled false.
[May 01, 2026 19:20:02.201PM UTC]  EntityDamageByEntityEvent was triggered by damaged SKELETON Skeleton, damager PLAYER xhikoenfasis17 and cancelled false.
[May 01, 2026 19:20:03.349PM UTC]  EntityDamageByEntityEvent was triggered by damaged SKELETON Skeleton, damager PLAYER xhikoenfasis17 and cancelled false.
[May 01, 2026 19:20:04.548PM UTC]  EntityDamageByEntityEvent was triggered by damaged SKELETON Skeleton, damager PLAYER xhikoenfasis17 and cancelled false.
[May 01, 2026 19:20:05.450PM UTC]  EntityDamageByEntityEvent was triggered by damaged SKELETON Skeleton, damager PLAYER xhikoenfasis17 and cancelled false.
[May 01, 2026 19:20:06.449PM UTC]  EntityDamageByEntityEvent was triggered by damaged SKELETON Skeleton, damager PLAYER xhikoenfasis17 and cancelled false.
[May 01, 2026 19:20:07.349PM UTC]  EntityDamageByEntityEvent was triggered by damaged SKELETON Skeleton, damager PLAYER xhikoenfasis17 and cancelled false.
[May 01, 2026 19:20:08.100PM UTC]  EntityDamageByEntityEvent was triggered by damaged SKELETON Skeleton, damager PLAYER xhikoenfasis17 and cancelled false.
[May 01, 2026 19:20:08.125PM UTC]  EntityDamageByEntityEvent was triggered by damaged PLAYER xhikoenfasis17, damager ARROW Arrow and cancelled false.
[May 01, 2026 19:20:10.098PM UTC]  EntityDamageByEntityEvent was triggered by damaged SKELETON Skeleton, damager PLAYER xhikoenfasis17 and cancelled false.
[May 01, 2026 19:20:10.697PM UTC]  EntityDamageByEntityEvent was triggered by damaged SKELETON Skeleton, damager PLAYER xhikoenfasis17 and cancelled false.
[May 01, 2026 19:20:11.174PM UTC]  EntityDamageByEntityEvent was triggered by damaged PLAYER xhikoenfasis17, damager ARROW Arrow and cancelled false.
[May 01, 2026 19:20:11.347PM UTC]  EntityDamageByEntityEvent was triggered by damaged SKELETON Skeleton, damager PLAYER xhikoenfasis17 and cancelled false.
[May 01, 2026 19:20:11.951PM UTC]  EntityDamageByEntityEvent was triggered by damaged SKELETON Skeleton, damager PLAYER xhikoenfasis17 and cancelled false.
[May 01, 2026 19:20:12.550PM UTC]  EntityDamageByEntityEvent was triggered by damaged SKELETON Skeleton, damager PLAYER xhikoenfasis17 and cancelled false.
[May 01, 2026 19:20:13.148PM UTC]  EntityDamageByEntityEvent was triggered by damaged SKELETON Skeleton, damager PLAYER xhikoenfasis17 and cancelled false.
[May 01, 2026 19:20:13.798PM UTC]  EntityDamageByEntityEvent was triggered by damaged SKELETON Skeleton, damager PLAYER xhikoenfasis17 and cancelled false.
[May 01, 2026 19:20:14.174PM UTC]  EntityDamageByEntityEvent was triggered by damaged PLAYER xhikoenfasis17, damager ARROW Arrow and cancelled false.
[May 01, 2026 19:20:15.906PM UTC]  EntityDamageByEntityEvent was triggered by damaged SKELETON Skeleton, damager PLAYER xhikoenfasis17 and cancelled false.
[May 01, 2026 19:20:16.450PM UTC]  EntityDamageByEntityEvent was triggered by damaged SKELETON Skeleton, damager PLAYER xhikoenfasis17 and cancelled false.
[May 01, 2026 19:20:17.099PM UTC]  EntityDamageByEntityEvent was triggered by damaged SKELETON Skeleton, damager PLAYER xhikoenfasis17 and cancelled false.
[May 01, 2026 19:20:17.124PM UTC]  EntityDamageByEntityEvent was triggered by damaged PLAYER xhikoenfasis17, damager ARROW Arrow and cancelled false.
[May 01, 2026 19:20:17.648PM UTC]  EntityDamageByEntityEvent was triggered by damaged SKELETON Skeleton, damager PLAYER xhikoenfasis17 and cancelled false.
[May 01, 2026 19:20:18.306PM UTC]  EntityDamageByEntityEvent was triggered by damaged SKELETON Skeleton, damager PLAYER xhikoenfasis17 and cancelled false.
[May 01, 2026 19:20:23.174PM UTC]  EntityDamageByEntityEvent was triggered by damaged PLAYER xhikoenfasis17, damager ARROW Arrow and cancelled false.
[May 01, 2026 19:20:35.522PM UTC]  EntityDamageByEntityEvent was triggered by damaged PLAYER xhikoenfasis17, damager ZOMBIE Zombie and cancelled false.
[May 01, 2026 19:20:35.559PM UTC]  EntityDamageByEntityEvent was triggered by damaged ZOMBIE Zombie, damager PLAYER xhikoenfasis17 and cancelled false.
[May 01, 2026 19:20:36.750PM UTC]  EntityDamageByEntityEvent was triggered by damaged ZOMBIE Zombie, damager PLAYER xhikoenfasis17 and cancelled false.
[May 01, 2026 19:20:37.751PM UTC]  EntityDamageByEntityEvent was triggered by damaged ZOMBIE Zombie, damager PLAYER xhikoenfasis17 and cancelled false.
[May 01, 2026 19:20:38.548PM UTC]  EntityDamageByEntityEvent was triggered by damaged ZOMBIE Zombie, damager PLAYER xhikoenfasis17 and cancelled false.
[May 01, 2026 19:20:39.200PM UTC]  EntityDamageByEntityEvent was triggered by damaged ZOMBIE Zombie, damager PLAYER xhikoenfasis17 and cancelled false.
[May 01, 2026 19:20:39.849PM UTC]  EntityDamageByEntityEvent was triggered by damaged ZOMBIE Zombie, damager PLAYER xhikoenfasis17 and cancelled false.
[May 01, 2026 19:20:40.554PM UTC]  EntityDamageByEntityEvent was triggered by damaged ZOMBIE Zombie, damager PLAYER xhikoenfasis17 and cancelled false.
[May 01, 2026 19:20:41.149PM UTC]  EntityDamageByEntityEvent was triggered by damaged ZOMBIE Zombie, damager PLAYER xhikoenfasis17 and cancelled false.
[May 01, 2026 19:20:41.749PM UTC]  EntityDamageByEntityEvent was triggered by damaged ZOMBIE Zombie, damager PLAYER xhikoenfasis17 and cancelled false.
[May 01, 2026 19:20:42.349PM UTC]  EntityDamageByEntityEvent was triggered by damaged ZOMBIE Zombie, damager PLAYER xhikoenfasis17 and cancelled false.
[May 01, 2026 19:20:42.949PM UTC]  EntityDamageByEntityEvent was triggered by damaged ZOMBIE Zombie, damager PLAYER xhikoenfasis17 and cancelled false.
[May 01, 2026 19:20:42.973PM UTC]  EntityDamageByEntityEvent was triggered by damaged PLAYER xhikoenfasis17, damager ZOMBIE Zombie and cancelled false.
[May 01, 2026 19:20:43.548PM UTC]  EntityDamageByEntityEvent was triggered by damaged ZOMBIE Zombie, damager PLAYER xhikoenfasis17 and cancelled false.
[May 01, 2026 19:20:44.100PM UTC]  EntityDamageByEntityEvent was triggered by damaged ZOMBIE Zombie, damager PLAYER xhikoenfasis17 and cancelled false.
[May 01, 2026 19:20:45.273PM UTC]  EntityDamageByEntityEvent was triggered by damaged PLAYER xhikoenfasis17, damager ZOMBIE Zombie and cancelled false.
[May 01, 2026 19:20:45.400PM UTC]  EntityDamageByEntityEvent was triggered by damaged ZOMBIE Zombie, damager PLAYER xhikoenfasis17 and cancelled false.
[May 01, 2026 19:20:46.051PM UTC]  EntityDamageByEntityEvent was triggered by damaged ZOMBIE Zombie, damager PLAYER xhikoenfasis17 and cancelled false.
[May 01, 2026 19:20:46.073PM UTC]  EntityDamageByEntityEvent was triggered by damaged PLAYER xhikoenfasis17, damager ZOMBIE Zombie and cancelled false.
[May 01, 2026 19:20:46.823PM UTC]  EntityDamageByEntityEvent was triggered by damaged PLAYER xhikoenfasis17, damager ZOMBIE Zombie and cancelled false.
[May 01, 2026 19:20:47.003PM UTC]  EntityDamageByEntityEvent was triggered by damaged ZOMBIE Zombie, damager PLAYER xhikoenfasis17 and cancelled false.
[May 01, 2026 19:20:47.773PM UTC]  EntityDamageByEntityEvent was triggered by damaged PLAYER xhikoenfasis17, damager ZOMBIE Zombie and cancelled false.
[May 01, 2026 19:34:05.838PM UTC]  EntityDamageByEntityEvent was triggered by damaged ARMADILLO Armadillo, damager PLAYER SlayerTanj and cancelled false.
[May 01, 2026 19:34:06.635PM UTC]  EntityDamageByEntityEvent was triggered by damaged ARMADILLO Armadillo, damager PLAYER SlayerTanj and cancelled false.
[May 01, 2026 19:34:07.745PM UTC]  EntityDamageByEntityEvent was triggered by damaged ARMADILLO Armadillo, damager PLAYER SlayerTanj and cancelled false.
[May 01, 2026 19:34:10.025PM UTC]  EntityDamageByEntityEvent was triggered by damaged ARMADILLO Armadillo, damager PLAYER SlayerTanj and cancelled false.
[May 01, 2026 19:34:12.737PM UTC]  EntityDamageByEntityEvent was triggered by damaged ARMADILLO Armadillo, damager PLAYER SlayerTanj and cancelled false.
